../Core/Src/main.c:100:10:crc32_calc	32	static
../Core/Src/main.c:118:6:HAL_UART_RxCpltCallback	16	static
../Core/Src/main.c:155:6:crear_senial	16	static
../Core/Src/main.c:177:10:mapear_amplitud	32	static
../Core/Src/main.c:187:6:aplicar_amplitud	24	static
../Core/Src/main.c:199:10:leer_pot	8	static
../Core/Src/main.c:206:6:DAC_set_signal	32	static
../Core/Src/main.c:238:6:DAC_set_frequency	24	static
../Core/Src/main.c:257:10:map_adc_to_freq	24	static
../Core/Src/main.c:264:20:RS4851_SetTx	8	static
../Core/Src/main.c:265:20:RS4851_SetRx	8	static
../Core/Src/main.c:268:6:RS4851_SendBlocking	24	static
../Core/Src/main.c:291:6:responder_OK	16	static
../Core/Src/main.c:300:6:responder_ERROR	16	static
../Core/Src/main.c:310:6:procesar_trama	192	static
../Core/Src/main.c:412:5:main	16	static
../Core/Src/main.c:485:6:SystemClock_Config	88	static
../Core/Src/main.c:533:13:MX_ADC1_Init	24	static
../Core/Src/main.c:585:13:MX_DAC_Init	16	static
../Core/Src/main.c:625:13:MX_TIM2_Init	32	static
../Core/Src/main.c:670:13:MX_USART1_UART_Init	8	static
../Core/Src/main.c:703:13:MX_USART2_UART_Init	8	static
../Core/Src/main.c:734:13:MX_DMA_Init	16	static
../Core/Src/main.c:752:13:MX_GPIO_Init	48	static
../Core/Src/main.c:794:6:Error_Handler	4	static,ignoring_inline_asm
